// Jest Snapshot v1, https://goo.gl/fbAQLP

exports[`babel-plugin-magic-comments adds the other magic comments 1`] = `"const foo = import( /* webpackPrefetch: true, webpackPreload: true, webpackMode: "eager", webpackFetchPriority: "high", webpackIgnore: true, webpackExports: ["foo", "bar"], webpackInclude: /\\.json$/, webpackExclude: /\\.skip\\.json$/ */'./folder/module.js');"`;

exports[`babel-plugin-magic-comments adds webpackChunkName magic comments 1`] = `"const foo = import( /* webpackChunkName: "folder-module" */'./folder/module.js');"`;

exports[`babel-plugin-magic-comments adds webpackChunkName magic comments 2`] = `
"import( /* webpackChunkName: "lang-[request]" */\`./lang/\${locale}.json\`);
const tr = import( /* webpackChunkName: "[request]-to" */\`./\${path}/to.json\`);
import( /* webpackChunkName: "one-two-[request]" */\`./one/two/\${three}.json\`);"
`;

exports[`babel-plugin-magic-comments adds webpackChunkName magic comments 3`] = `
"import( /* webpackChunkName: "folder-module" */'./folder/module.js').then(() => {
  const slug = 'module';
  const json = \`foo-bar-baz-\${import( /* webpackChunkName: "[request]" */\`./\${slug}.json\`)}abc\`;
  return json;
});
import( /* some comment */'./folder/skip.js');
reg([{
  module: import( /* webpackChunkName: "@pkg-foo" */'@pkg/foo'),
  elem: 'Foo'
}, {
  module: import( /* webpackChunkName: "@pkg-bar" */'@pkg/bar'),
  elem: 'Bar'
}, {
  module: import( /* webpackChunkName: "@pkg-baz" */'@pkg/baz'),
  elem: 'Baz'
}]);
Promise.all([import( /* webpackChunkName: "@pkg-a" */'@pkg/a'), import( /* webpackChunkName: "@pkg-b" */'@pkg/b'), import( /* webpackChunkName: "@pkg-c" */'@pkg/c')]);"
`;

exports[`babel-plugin-magic-comments does not add magic comments when there are none 1`] = `"const foo = import('./folder/module.js');"`;
